// Jest Snapshot v1, https://goo.gl/fbAQLP

exports[`create alice-bobbi module with logging, with platforms: '' 1`] = `
Array [
  Object {
    "warn": Array [
      "While \`{DEFAULT_PACKAGE_IDENTIFIER}\` is the default package
      identifier, it is recommended to customize the package identifier.",
    ],
  },
  Object {
    "info": Array [
      "CREATE new React Native module with the following options:

  root moduleName: react-native-alice-bobbi
  name: alice-bobbi
  prefix: 
  modulePrefix: react-native
  packageIdentifier: com.reactlibrary
  platforms: 
  tvosEnabled: false
  githubAccount: github_account
  authorName: Your Name
  authorEmail: yourname@email.com
  license: MIT
  view: false
  useAppleNetworking: false
  generateExample: false
  exampleName: example
  writeExamplePodfile: false
  ",
    ],
  },
  Object {
    "info": Array [
      "CREATE: Generating the React Native library module",
    ],
  },
  Object {
    "ensureDir": "react-native-alice-bobbi-tmp",
  },
  Object {
    "ensureDir": "react-native-alice-bobbi-tmp/",
  },
  Object {
    "ensureDir": "react-native-alice-bobbi-tmp/",
  },
  Object {
    "ensureDir": "react-native-alice-bobbi-tmp/",
  },
  Object {
    "ensureDir": "react-native-alice-bobbi-tmp/",
  },
  Object {
    "ensureDir": "react-native-alice-bobbi-tmp/",
  },
  Object {
    "ensureDir": "react-native-alice-bobbi-tmp/",
  },
  Object {
    "outputFileName": "react-native-alice-bobbi-tmp/README.md",
    "theContent": "# react-native-alice-bobbi-tmp

## Getting started

\`$ npm install react-native-alice-bobbi-tmp --save\`

### Mostly automatic installation

\`$ react-native link react-native-alice-bobbi-tmp\`

## Usage
\`\`\`javascript
import AliceBobbi from 'react-native-alice-bobbi-tmp';

// TODO: What to do with the module?
AliceBobbi;
\`\`\`
",
  },
  Object {
    "outputFileName": "react-native-alice-bobbi-tmp/package.json",
    "theContent": "{
  \\"name\\": \\"react-native-alice-bobbi-tmp\\",
  \\"title\\": \\"React Native Alice Bobbi Tmp\\",
  \\"version\\": \\"1.0.0\\",
  \\"description\\": \\"TODO\\",
  \\"main\\": \\"index.js\\",
  \\"scripts\\": {
    \\"test\\": \\"echo \\\\\\"Error: no test specified\\\\\\" && exit 1\\"
  },
  \\"repository\\": {
    \\"type\\": \\"git\\",
    \\"url\\": \\"git+https://github.com/github_account/react-native-alice-bobbi-tmp.git\\",
    \\"baseUrl\\": \\"https://github.com/github_account/react-native-alice-bobbi-tmp\\"
  },
  \\"keywords\\": [
    \\"react-native\\"
  ],
  \\"author\\": {
    \\"name\\": \\"Your Name\\",
    \\"email\\": \\"yourname@email.com\\"
  },
  \\"license\\": \\"MIT\\",
  \\"licenseFilename\\": \\"LICENSE\\",
  \\"readmeFilename\\": \\"README.md\\",
  \\"peerDependencies\\": {
    \\"react\\": \\"^16.8.1\\",
    \\"react-native\\": \\">=0.59.0-rc.0 <1.0.x\\"
  },
  \\"devDependencies\\": {
    \\"react\\": \\"^16.8.3\\",
    \\"react-native\\": \\"^0.59.10\\"
  }
}
",
  },
  Object {
    "outputFileName": "react-native-alice-bobbi-tmp/index.js",
    "theContent": "import { NativeModules } from 'react-native';

const { AliceBobbi } = NativeModules;

export default AliceBobbi;
",
  },
  Object {
    "outputFileName": "react-native-alice-bobbi-tmp/.gitignore",
    "theContent": "# OSX
#
.DS_Store

# node.js
#
node_modules/
npm-debug.log
yarn-error.log
",
  },
  Object {
    "outputFileName": "react-native-alice-bobbi-tmp/.gitattributes",
    "theContent": "",
  },
  Object {
    "outputFileName": "react-native-alice-bobbi-tmp/.npmignore",
    "theContent": "",
  },
  Object {
    "log": Array [
      "
ðŸ“š  Created library module react-native-alice-bobbi in \`./react-native-alice-bobbi\`.
ðŸ•˜  It took XXX.

====================================================
YOU'RE ALL SET!

To build and run iOS example project, do:
----
cd react-native-alice-bobbi/undefined
yarn
cd ios
pod install # required starting with React Native 0.60
cd ..
react-native run-ios
----
",
    ],
  },
]
`;
