// Jest Snapshot v1, https://goo.gl/fbAQLP

exports[`create alice-bobbi module with config options for Android only 1`] = `
Array [
  "* ensureDir dir: react-native-alice-bobbi
",
  "* ensureDir dir: react-native-alice-bobbi/
",
  "* ensureDir dir: react-native-alice-bobbi/
",
  "* ensureDir dir: react-native-alice-bobbi/
",
  "* ensureDir dir: react-native-alice-bobbi/
",
  "* ensureDir dir: react-native-alice-bobbi/
",
  "* ensureDir dir: react-native-alice-bobbi/
",
  "* ensureDir dir: react-native-alice-bobbi/android/
",
  "* ensureDir dir: react-native-alice-bobbi/android/src/main/
",
  "* ensureDir dir: react-native-alice-bobbi/android/src/main/java/com/alicebits/
",
  "* ensureDir dir: react-native-alice-bobbi/android/src/main/java/com/alicebits/
",
  "* ensureDir dir: react-native-alice-bobbi/android/
",
  "* outputFile name: react-native-alice-bobbi/README.md
content:
--------
# react-native-alice-bobbi

## Getting started

\`$ npm install react-native-alice-bobbi --save\`

### Mostly automatic installation

\`$ react-native link react-native-alice-bobbi\`

## Usage
\`\`\`javascript
import AliceBobbi from 'react-native-alice-bobbi';

// TODO: What to do with the module?
AliceBobbi;
\`\`\`

<<<<<<<< ======== >>>>>>>>
",
  "* outputFile name: react-native-alice-bobbi/package.json
content:
--------
{
  \\"name\\": \\"react-native-alice-bobbi\\",
  \\"title\\": \\"React Native Alice Bobbi\\",
  \\"version\\": \\"1.0.0\\",
  \\"description\\": \\"TODO\\",
  \\"main\\": \\"index.js\\",
  \\"scripts\\": {
    \\"test\\": \\"echo \\\\\\"Error: no test specified\\\\\\" && exit 1\\"
  },
  \\"repository\\": {
    \\"type\\": \\"git\\",
    \\"url\\": \\"git+https://github.com/alicebits/react-native-alice-bobbi.git\\",
    \\"baseUrl\\": \\"https://github.com/alicebits/react-native-alice-bobbi\\"
  },
  \\"keywords\\": [
    \\"react-native\\"
  ],
  \\"author\\": {
    \\"name\\": \\"Alice\\",
    \\"email\\": \\"contact@alice.me\\"
  },
  \\"license\\": \\"ISC\\",
  \\"licenseFilename\\": \\"LICENSE\\",
  \\"readmeFilename\\": \\"README.md\\",
  \\"peerDependencies\\": {
    \\"react\\": \\"^16.8.1\\",
    \\"react-native\\": \\">=0.59.0-rc.0 <1.0.x\\"
  },
  \\"devDependencies\\": {
    \\"react\\": \\"^16.8.3\\",
    \\"react-native\\": \\"^0.59.10\\"
  }
}

<<<<<<<< ======== >>>>>>>>
",
  "* outputFile name: react-native-alice-bobbi/index.js
content:
--------
import { NativeModules } from 'react-native';

const { AliceBobbi } = NativeModules;

export default AliceBobbi;

<<<<<<<< ======== >>>>>>>>
",
  "* outputFile name: react-native-alice-bobbi/.gitignore
content:
--------
# OSX
#
.DS_Store

# node.js
#
node_modules/
npm-debug.log
yarn-error.log

# Android/IntelliJ
#
build/
.idea
.gradle
local.properties
*.iml

# BUCK
buck-out/
\\\\.buckd/
*.keystore

<<<<<<<< ======== >>>>>>>>
",
  "* outputFile name: react-native-alice-bobbi/.gitattributes
content:
--------

<<<<<<<< ======== >>>>>>>>
",
  "* outputFile name: react-native-alice-bobbi/.npmignore
content:
--------

<<<<<<<< ======== >>>>>>>>
",
  "* outputFile name: react-native-alice-bobbi/android/build.gradle
content:
--------
// android/build.gradle

def DEFAULT_COMPILE_SDK_VERSION = 28
def DEFAULT_BUILD_TOOLS_VERSION = '28.0.3'
def DEFAULT_MIN_SDK_VERSION = 16
def DEFAULT_TARGET_SDK_VERSION = 28

def safeExtGet(prop, fallback) {
    rootProject.ext.has(prop) ? rootProject.ext.get(prop) : fallback
}

apply plugin: 'com.android.library'
apply plugin: 'maven'

buildscript {
    // The Android Gradle plugin is only required when opening the android folder stand-alone.
    // This avoids unnecessary downloads and potential conflicts when the library is included as a
    // module dependency in an application project.
    if (project == rootProject) {
        repositories {
            google()
            jcenter()
        }
        dependencies {
            classpath 'com.android.tools.build:gradle:3.4.1'
        }
    }
}

apply plugin: 'com.android.library'
apply plugin: 'maven'

android {
    compileSdkVersion safeExtGet('compileSdkVersion', DEFAULT_COMPILE_SDK_VERSION)
    buildToolsVersion safeExtGet('buildToolsVersion', DEFAULT_BUILD_TOOLS_VERSION)
    defaultConfig {
        minSdkVersion safeExtGet('minSdkVersion', DEFAULT_MIN_SDK_VERSION)
        targetSdkVersion safeExtGet('targetSdkVersion', DEFAULT_TARGET_SDK_VERSION)
        versionCode 1
        versionName \\"1.0\\"
    }
    lintOptions {
        abortOnError false
    }
}

repositories {
    mavenLocal()
    maven {
        // All of React Native (JS, Obj-C sources, Android binaries) is installed from npm
        url \\"$rootDir/../node_modules/react-native/android\\"
    }
    maven {
        // Android JSC is installed from npm
        url \\"$rootDir/../node_modules/jsc-android/dist\\"
    }
    google()
    jcenter()
}

dependencies {
    // ref:
    // https://github.com/facebook/react-native/blob/0.61-stable/template/android/app/build.gradle#L192
    //noinspection GradleDynamicVersion
    implementation 'com.facebook.react:react-native:+'  // From node_modules
}

def configureReactNativePom(def pom) {
    def packageJson = new groovy.json.JsonSlurper().parseText(file('../package.json').text)

    pom.project {
        name packageJson.title
        artifactId packageJson.name
        version = packageJson.version
        group = \\"com.alicebits\\"
        description packageJson.description
        url packageJson.repository.baseUrl

        licenses {
            license {
                name packageJson.license
                url packageJson.repository.baseUrl + '/blob/master/' + packageJson.licenseFilename
                distribution 'repo'
            }
        }

        developers {
            developer {
                id packageJson.author.username
                name packageJson.author.name
            }
        }
    }
}

afterEvaluate { project ->
    // some Gradle build hooks ref:
    // https://www.oreilly.com/library/view/gradle-beyond-the/9781449373801/ch03.html
    task androidJavadoc(type: Javadoc) {
        source = android.sourceSets.main.java.srcDirs
        classpath += files(android.bootClasspath)
        classpath += files(project.getConfigurations().getByName('compile').asList())
        include '**/*.java'
    }

    task androidJavadocJar(type: Jar, dependsOn: androidJavadoc) {
        classifier = 'javadoc'
        from androidJavadoc.destinationDir
    }

    task androidSourcesJar(type: Jar) {
        classifier = 'sources'
        from android.sourceSets.main.java.srcDirs
        include '**/*.java'
    }

    android.libraryVariants.all { variant ->
        def name = variant.name.capitalize()
        task \\"jar\${name}\\"(type: Jar, dependsOn: variant.javaCompile) {
            from variant.javaCompile.destinationDir
        }
    }

    artifacts {
        archives androidSourcesJar
        archives androidJavadocJar
    }

    task installArchives(type: Upload) {
        configuration = configurations.archives
        repositories.mavenDeployer {
            // Deploy to react-native-event-bridge/maven, ready to publish to npm
            repository url: \\"file://\${projectDir}/../android/maven\\"
            configureReactNativePom pom
        }
    }
}

<<<<<<<< ======== >>>>>>>>
",
  "* outputFile name: react-native-alice-bobbi/android/src/main/AndroidManifest.xml
content:
--------
<manifest xmlns:android=\\"http://schemas.android.com/apk/res/android\\"
          package=\\"com.alicebits\\">

</manifest>

<<<<<<<< ======== >>>>>>>>
",
  "* outputFile name: react-native-alice-bobbi/android/src/main/java/com/alicebits/AliceBobbiModule.java
content:
--------
package com.alicebits;

import com.facebook.react.bridge.ReactApplicationContext;
import com.facebook.react.bridge.ReactContextBaseJavaModule;
import com.facebook.react.bridge.ReactMethod;
import com.facebook.react.bridge.Callback;

public class AliceBobbiModule extends ReactContextBaseJavaModule {

    private final ReactApplicationContext reactContext;

    public AliceBobbiModule(ReactApplicationContext reactContext) {
        super(reactContext);
        this.reactContext = reactContext;
    }

    @Override
    public String getName() {
        return \\"AliceBobbi\\";
    }

    @ReactMethod
    public void sampleMethod(String stringArgument, int numberArgument, Callback callback) {
        // TODO: Implement some actually useful functionality
        callback.invoke(\\"Received numberArgument: \\" + numberArgument + \\" stringArgument: \\" + stringArgument);
    }
}

<<<<<<<< ======== >>>>>>>>
",
  "* outputFile name: react-native-alice-bobbi/android/src/main/java/com/alicebits/AliceBobbiPackage.java
content:
--------
package com.alicebits;

import java.util.Arrays;
import java.util.Collections;
import java.util.List;

import com.facebook.react.ReactPackage;
import com.facebook.react.bridge.NativeModule;
import com.facebook.react.bridge.ReactApplicationContext;
import com.facebook.react.uimanager.ViewManager;
import com.facebook.react.bridge.JavaScriptModule;

public class AliceBobbiPackage implements ReactPackage {
    @Override
    public List<NativeModule> createNativeModules(ReactApplicationContext reactContext) {
        return Arrays.<NativeModule>asList(new AliceBobbiModule(reactContext));
    }

    @Override
    public List<ViewManager> createViewManagers(ReactApplicationContext reactContext) {
        return Collections.emptyList();
    }
}

<<<<<<<< ======== >>>>>>>>
",
  "* outputFile name: react-native-alice-bobbi/android/README.md
content:
--------
README
======

If you want to publish the lib as a maven dependency, follow these steps before publishing a new version to npm:

1. Be sure to have the Android [SDK](https://developer.android.com/studio/index.html) and [NDK](https://developer.android.com/ndk/guides/index.html) installed
2. Be sure to have a \`local.properties\` file in this folder that points to the Android SDK and NDK
\`\`\`
ndk.dir=/Users/{username}/Library/Android/sdk/ndk-bundle
sdk.dir=/Users/{username}/Library/Android/sdk
\`\`\`
3. Delete the \`maven\` folder
4. Run \`./gradlew installArchives\`
5. Verify that latest set of generated files is in the maven folder with the correct version number

<<<<<<<< ======== >>>>>>>>
",
]
`;
